[Global]
auth-url    = "https://127.0.0.1:8443"
username    = "admin"
password    = ".)\\^x[tt0L@};p<KJ|f.VQ]7r9u;\"ZF|"
tenant-name = "Test"
tenant-id   = ""
domain-name = "Default"
region      = "eu-central1"

[LoadBalancer]
lb-version = "v2"
subnet-id = "some-subnet-id"
floating-network-id = "ext-net"
lb-method = "ROUND_ROBIN"
lb-provider = ""
create-monitor = true
monitor-delay = 30s
monitor-timeout = 30s
monitor-max-retries = 5
manage-security-groups = true

[BlockStorage]
ignore-volume-az  = true
trust-device-path = true
bs-version        = "v2"
